// Jest Snapshot v1, https://goo.gl/fbAQLP

exports[`postcss-themes adds the prefix selector to all subselectors 1`] = `
":root{ --color-main: #ccc; --color-main--tint-10: #d6d6d6; --color-main--tint-20: #e0e0e0; --color-main--tint-30: #ebebeb; --color-main--tint-40: #f5f5f5; --color-main--tint-50: #ffffff; --color-main--shade-10: #a3a3a3; --color-main--shade-20: #7a7a7a; --color-main--shade-30: #525252; --color-main--shade-40: #292929; --color-main--shade-50: #000000; --color-highlight: red; --color-highlight--tint-10: #ff3333; --color-highlight--tint-20: #ff6666; --color-highlight--tint-30: #ff9999; --color-highlight--tint-40: #ffcccc; --color-highlight--tint-50: #ffffff; --color-highlight--shade-10: #cc0000; --color-highlight--shade-20: #990000; --color-highlight--shade-30: #660000; --color-highlight--shade-40: #330000; --color-highlight--shade-50: #000000 }
body.dark{ --color-main: #000; --color-main--tint-10: #333333; --color-main--tint-20: #666666; --color-main--tint-30: #999999; --color-main--tint-40: #cccccc; --color-main--tint-50: #ffffff; --color-main--shade-10: #000000; --color-main--shade-20: #000000; --color-main--shade-30: #000000; --color-main--shade-40: #000000; --color-main--shade-50: #000000; --color-highlight: blue; --color-highlight--tint-10: #3333ff; --color-highlight--tint-20: #6666ff; --color-highlight--tint-30: #9999ff; --color-highlight--tint-40: #ccccff; --color-highlight--tint-50: #ffffff; --color-highlight--shade-10: #0000cc; --color-highlight--shade-20: #000099; --color-highlight--shade-30: #000066; --color-highlight--shade-40: #000033; --color-highlight--shade-50: #000000 }
body.light{ --color-main: #FFF; --color-main--tint-10: #ffffff; --color-main--tint-20: #ffffff; --color-main--tint-30: #ffffff; --color-main--tint-40: #ffffff; --color-main--tint-50: #ffffff; --color-main--shade-10: #cccccc; --color-main--shade-20: #999999; --color-main--shade-30: #666666; --color-main--shade-40: #333333; --color-main--shade-50: #000000; --color-highlight: green; --color-highlight--tint-10: #00c700; --color-highlight--tint-20: #10ff10; --color-highlight--tint-30: #57ff57; --color-highlight--tint-40: #9fff9f; --color-highlight--tint-50: #e6ffe6; --color-highlight--shade-10: #006700; --color-highlight--shade-20: #004d00; --color-highlight--shade-30: #003400; --color-highlight--shade-40: #001a00; --color-highlight--shade-50: #000000 }
a, span{ color: var(--color-main) }"
`;

exports[`postcss-themes gathers several declaration in a unique rule 1`] = `
":root{ --color-main: #ccc; --color-main--tint-10: #d6d6d6; --color-main--tint-20: #e0e0e0; --color-main--tint-30: #ebebeb; --color-main--tint-40: #f5f5f5; --color-main--tint-50: #ffffff; --color-main--shade-10: #a3a3a3; --color-main--shade-20: #7a7a7a; --color-main--shade-30: #525252; --color-main--shade-40: #292929; --color-main--shade-50: #000000; --color-highlight: red; --color-highlight--tint-10: #ff3333; --color-highlight--tint-20: #ff6666; --color-highlight--tint-30: #ff9999; --color-highlight--tint-40: #ffcccc; --color-highlight--tint-50: #ffffff; --color-highlight--shade-10: #cc0000; --color-highlight--shade-20: #990000; --color-highlight--shade-30: #660000; --color-highlight--shade-40: #330000; --color-highlight--shade-50: #000000; }
body.dark{ --color-main: #000; --color-main--tint-10: #333333; --color-main--tint-20: #666666; --color-main--tint-30: #999999; --color-main--tint-40: #cccccc; --color-main--tint-50: #ffffff; --color-main--shade-10: #000000; --color-main--shade-20: #000000; --color-main--shade-30: #000000; --color-main--shade-40: #000000; --color-main--shade-50: #000000; --color-highlight: blue; --color-highlight--tint-10: #3333ff; --color-highlight--tint-20: #6666ff; --color-highlight--tint-30: #9999ff; --color-highlight--tint-40: #ccccff; --color-highlight--tint-50: #ffffff; --color-highlight--shade-10: #0000cc; --color-highlight--shade-20: #000099; --color-highlight--shade-30: #000066; --color-highlight--shade-40: #000033; --color-highlight--shade-50: #000000; }
body.light{ --color-main: #FFF; --color-main--tint-10: #ffffff; --color-main--tint-20: #ffffff; --color-main--tint-30: #ffffff; --color-main--tint-40: #ffffff; --color-main--tint-50: #ffffff; --color-main--shade-10: #cccccc; --color-main--shade-20: #999999; --color-main--shade-30: #666666; --color-main--shade-40: #333333; --color-main--shade-50: #000000; --color-highlight: green; --color-highlight--tint-10: #00c700; --color-highlight--tint-20: #10ff10; --color-highlight--tint-30: #57ff57; --color-highlight--tint-40: #9fff9f; --color-highlight--tint-50: #e6ffe6; --color-highlight--shade-10: #006700; --color-highlight--shade-20: #004d00; --color-highlight--shade-30: #003400; --color-highlight--shade-40: #001a00; --color-highlight--shade-50: #000000; }
a{ color: var(--color-main); background: var(--color-highlight); }"
`;

exports[`postcss-themes replaces multiple rules in the same declaration 1`] = `
":root{ --color-main: #ccc; --color-main--tint-10: #d6d6d6; --color-main--tint-20: #e0e0e0; --color-main--tint-30: #ebebeb; --color-main--tint-40: #f5f5f5; --color-main--tint-50: #ffffff; --color-main--shade-10: #a3a3a3; --color-main--shade-20: #7a7a7a; --color-main--shade-30: #525252; --color-main--shade-40: #292929; --color-main--shade-50: #000000; --color-highlight: red; --color-highlight--tint-10: #ff3333; --color-highlight--tint-20: #ff6666; --color-highlight--tint-30: #ff9999; --color-highlight--tint-40: #ffcccc; --color-highlight--tint-50: #ffffff; --color-highlight--shade-10: #cc0000; --color-highlight--shade-20: #990000; --color-highlight--shade-30: #660000; --color-highlight--shade-40: #330000; --color-highlight--shade-50: #000000 }
body.dark{ --color-main: #000; --color-main--tint-10: #333333; --color-main--tint-20: #666666; --color-main--tint-30: #999999; --color-main--tint-40: #cccccc; --color-main--tint-50: #ffffff; --color-main--shade-10: #000000; --color-main--shade-20: #000000; --color-main--shade-30: #000000; --color-main--shade-40: #000000; --color-main--shade-50: #000000; --color-highlight: blue; --color-highlight--tint-10: #3333ff; --color-highlight--tint-20: #6666ff; --color-highlight--tint-30: #9999ff; --color-highlight--tint-40: #ccccff; --color-highlight--tint-50: #ffffff; --color-highlight--shade-10: #0000cc; --color-highlight--shade-20: #000099; --color-highlight--shade-30: #000066; --color-highlight--shade-40: #000033; --color-highlight--shade-50: #000000 }
body.light{ --color-main: #FFF; --color-main--tint-10: #ffffff; --color-main--tint-20: #ffffff; --color-main--tint-30: #ffffff; --color-main--tint-40: #ffffff; --color-main--tint-50: #ffffff; --color-main--shade-10: #cccccc; --color-main--shade-20: #999999; --color-main--shade-30: #666666; --color-main--shade-40: #333333; --color-main--shade-50: #000000; --color-highlight: green; --color-highlight--tint-10: #00c700; --color-highlight--tint-20: #10ff10; --color-highlight--tint-30: #57ff57; --color-highlight--tint-40: #9fff9f; --color-highlight--tint-50: #e6ffe6; --color-highlight--shade-10: #006700; --color-highlight--shade-20: #004d00; --color-highlight--shade-30: #003400; --color-highlight--shade-40: #001a00; --color-highlight--shade-50: #000000 }
a{ background: linear-gradient( -45deg, var(--color-main) 50%, var(--color-highlight) 50% ) }"
`;

exports[`postcss-themes replaces the default color and generates theme colors 1`] = `
":root{ --color-main: #ccc; --color-main--tint-10: #d6d6d6; --color-main--tint-20: #e0e0e0; --color-main--tint-30: #ebebeb; --color-main--tint-40: #f5f5f5; --color-main--tint-50: #ffffff; --color-main--shade-10: #a3a3a3; --color-main--shade-20: #7a7a7a; --color-main--shade-30: #525252; --color-main--shade-40: #292929; --color-main--shade-50: #000000; --color-highlight: red; --color-highlight--tint-10: #ff3333; --color-highlight--tint-20: #ff6666; --color-highlight--tint-30: #ff9999; --color-highlight--tint-40: #ffcccc; --color-highlight--tint-50: #ffffff; --color-highlight--shade-10: #cc0000; --color-highlight--shade-20: #990000; --color-highlight--shade-30: #660000; --color-highlight--shade-40: #330000; --color-highlight--shade-50: #000000 }
body.dark{ --color-main: #000; --color-main--tint-10: #333333; --color-main--tint-20: #666666; --color-main--tint-30: #999999; --color-main--tint-40: #cccccc; --color-main--tint-50: #ffffff; --color-main--shade-10: #000000; --color-main--shade-20: #000000; --color-main--shade-30: #000000; --color-main--shade-40: #000000; --color-main--shade-50: #000000; --color-highlight: blue; --color-highlight--tint-10: #3333ff; --color-highlight--tint-20: #6666ff; --color-highlight--tint-30: #9999ff; --color-highlight--tint-40: #ccccff; --color-highlight--tint-50: #ffffff; --color-highlight--shade-10: #0000cc; --color-highlight--shade-20: #000099; --color-highlight--shade-30: #000066; --color-highlight--shade-40: #000033; --color-highlight--shade-50: #000000 }
body.light{ --color-main: #FFF; --color-main--tint-10: #ffffff; --color-main--tint-20: #ffffff; --color-main--tint-30: #ffffff; --color-main--tint-40: #ffffff; --color-main--tint-50: #ffffff; --color-main--shade-10: #cccccc; --color-main--shade-20: #999999; --color-main--shade-30: #666666; --color-main--shade-40: #333333; --color-main--shade-50: #000000; --color-highlight: green; --color-highlight--tint-10: #00c700; --color-highlight--tint-20: #10ff10; --color-highlight--tint-30: #57ff57; --color-highlight--tint-40: #9fff9f; --color-highlight--tint-50: #e6ffe6; --color-highlight--shade-10: #006700; --color-highlight--shade-20: #004d00; --color-highlight--shade-30: #003400; --color-highlight--shade-40: #001a00; --color-highlight--shade-50: #000000 }
a{ color: var(--color-main) }"
`;

exports[`postcss-themes replaces the function with the darker custom property 1`] = `
":root{ --color-main: #ccc; --color-main--tint-10: #d6d6d6; --color-main--tint-20: #e0e0e0; --color-main--tint-30: #ebebeb; --color-main--tint-40: #f5f5f5; --color-main--tint-50: #ffffff; --color-main--shade-10: #a3a3a3; --color-main--shade-20: #7a7a7a; --color-main--shade-30: #525252; --color-main--shade-40: #292929; --color-main--shade-50: #000000; --color-highlight: red; --color-highlight--tint-10: #ff3333; --color-highlight--tint-20: #ff6666; --color-highlight--tint-30: #ff9999; --color-highlight--tint-40: #ffcccc; --color-highlight--tint-50: #ffffff; --color-highlight--shade-10: #cc0000; --color-highlight--shade-20: #990000; --color-highlight--shade-30: #660000; --color-highlight--shade-40: #330000; --color-highlight--shade-50: #000000 }
body.dark{ --color-main: #000; --color-main--tint-10: #333333; --color-main--tint-20: #666666; --color-main--tint-30: #999999; --color-main--tint-40: #cccccc; --color-main--tint-50: #ffffff; --color-main--shade-10: #000000; --color-main--shade-20: #000000; --color-main--shade-30: #000000; --color-main--shade-40: #000000; --color-main--shade-50: #000000; --color-highlight: blue; --color-highlight--tint-10: #3333ff; --color-highlight--tint-20: #6666ff; --color-highlight--tint-30: #9999ff; --color-highlight--tint-40: #ccccff; --color-highlight--tint-50: #ffffff; --color-highlight--shade-10: #0000cc; --color-highlight--shade-20: #000099; --color-highlight--shade-30: #000066; --color-highlight--shade-40: #000033; --color-highlight--shade-50: #000000 }
body.light{ --color-main: #FFF; --color-main--tint-10: #ffffff; --color-main--tint-20: #ffffff; --color-main--tint-30: #ffffff; --color-main--tint-40: #ffffff; --color-main--tint-50: #ffffff; --color-main--shade-10: #cccccc; --color-main--shade-20: #999999; --color-main--shade-30: #666666; --color-main--shade-40: #333333; --color-main--shade-50: #000000; --color-highlight: green; --color-highlight--tint-10: #00c700; --color-highlight--tint-20: #10ff10; --color-highlight--tint-30: #57ff57; --color-highlight--tint-40: #9fff9f; --color-highlight--tint-50: #e6ffe6; --color-highlight--shade-10: #006700; --color-highlight--shade-20: #004d00; --color-highlight--shade-30: #003400; --color-highlight--shade-40: #001a00; --color-highlight--shade-50: #000000 }
a{ color: var(--color-main--shade-10) }"
`;
